src/config/multer.config.ts(118,36): error TS2379: Argument of type '{ storage: CloudinaryStorage; limits: { fileSize: number | undefined; }; fileFilter: ((req: e.Request, file: Express.Multer.File, callback: multer.FileFilterCallback) => void) | undefined; }' is not assignable to parameter of type 'Options' with 'exactOptionalPropertyTypes: true'. Consider adding 'undefined' to the types of the target's properties.
  Types of property 'fileFilter' are incompatible.
    Type '((req: Request<ParamsDictionary, any, any, ParsedQs, Record<string, any>>, file: File, callback: FileFilterCallback) => void) | undefined' is not assignable to type '(req: Request<ParamsDictionary, any, any, ParsedQs, Record<string, any>>, file: File, callback: FileFilterCallback) => void'.
      Type 'undefined' is not assignable to type '(req: Request<ParamsDictionary, any, any, ParsedQs, Record<string, any>>, file: File, callback: FileFilterCallback) => void'.
src/config/multer.config.ts(125,42): error TS2379: Argument of type '{ storage: multer.StorageEngine; limits: { fileSize: number | undefined; }; fileFilter: ((req: e.Request, file: Express.Multer.File, callback: multer.FileFilterCallback) => void) | undefined; }' is not assignable to parameter of type 'Options' with 'exactOptionalPropertyTypes: true'. Consider adding 'undefined' to the types of the target's properties.
  Types of property 'fileFilter' are incompatible.
    Type '((req: Request<ParamsDictionary, any, any, ParsedQs, Record<string, any>>, file: File, callback: FileFilterCallback) => void) | undefined' is not assignable to type '(req: Request<ParamsDictionary, any, any, ParsedQs, Record<string, any>>, file: File, callback: FileFilterCallback) => void'.
      Type 'undefined' is not assignable to type '(req: Request<ParamsDictionary, any, any, ParsedQs, Record<string, any>>, file: File, callback: FileFilterCallback) => void'.
src/config/multer.config.ts(133,41): error TS2379: Argument of type '{ storage: multer.StorageEngine; limits: { fileSize: number | undefined; }; fileFilter: ((req: e.Request, file: Express.Multer.File, callback: multer.FileFilterCallback) => void) | undefined; }' is not assignable to parameter of type 'Options' with 'exactOptionalPropertyTypes: true'. Consider adding 'undefined' to the types of the target's properties.
  Types of property 'fileFilter' are incompatible.
    Type '((req: Request<ParamsDictionary, any, any, ParsedQs, Record<string, any>>, file: File, callback: FileFilterCallback) => void) | undefined' is not assignable to type '(req: Request<ParamsDictionary, any, any, ParsedQs, Record<string, any>>, file: File, callback: FileFilterCallback) => void'.
      Type 'undefined' is not assignable to type '(req: Request<ParamsDictionary, any, any, ParsedQs, Record<string, any>>, file: File, callback: FileFilterCallback) => void'.
src/config/multer.config.ts(139,41): error TS2379: Argument of type '{ storage: multer.StorageEngine; limits: { fileSize: number | undefined; }; fileFilter: ((req: e.Request, file: Express.Multer.File, callback: multer.FileFilterCallback) => void) | undefined; }' is not assignable to parameter of type 'Options' with 'exactOptionalPropertyTypes: true'. Consider adding 'undefined' to the types of the target's properties.
  Types of property 'fileFilter' are incompatible.
    Type '((req: Request<ParamsDictionary, any, any, ParsedQs, Record<string, any>>, file: File, callback: FileFilterCallback) => void) | undefined' is not assignable to type '(req: Request<ParamsDictionary, any, any, ParsedQs, Record<string, any>>, file: File, callback: FileFilterCallback) => void'.
      Type 'undefined' is not assignable to type '(req: Request<ParamsDictionary, any, any, ParsedQs, Record<string, any>>, file: File, callback: FileFilterCallback) => void'.
src/config/multer.config.ts(145,41): error TS2379: Argument of type '{ storage: multer.StorageEngine; limits: { fileSize: number | undefined; }; fileFilter: ((req: e.Request, file: Express.Multer.File, callback: multer.FileFilterCallback) => void) | undefined; }' is not assignable to parameter of type 'Options' with 'exactOptionalPropertyTypes: true'. Consider adding 'undefined' to the types of the target's properties.
  Types of property 'fileFilter' are incompatible.
    Type '((req: Request<ParamsDictionary, any, any, ParsedQs, Record<string, any>>, file: File, callback: FileFilterCallback) => void) | undefined' is not assignable to type '(req: Request<ParamsDictionary, any, any, ParsedQs, Record<string, any>>, file: File, callback: FileFilterCallback) => void'.
      Type 'undefined' is not assignable to type '(req: Request<ParamsDictionary, any, any, ParsedQs, Record<string, any>>, file: File, callback: FileFilterCallback) => void'.
src/config/multer.config.ts(151,44): error TS2379: Argument of type '{ storage: multer.StorageEngine; limits: { fileSize: number | undefined; }; fileFilter: ((req: e.Request, file: Express.Multer.File, callback: multer.FileFilterCallback) => void) | undefined; }' is not assignable to parameter of type 'Options' with 'exactOptionalPropertyTypes: true'. Consider adding 'undefined' to the types of the target's properties.
  Types of property 'fileFilter' are incompatible.
    Type '((req: Request<ParamsDictionary, any, any, ParsedQs, Record<string, any>>, file: File, callback: FileFilterCallback) => void) | undefined' is not assignable to type '(req: Request<ParamsDictionary, any, any, ParsedQs, Record<string, any>>, file: File, callback: FileFilterCallback) => void'.
      Type 'undefined' is not assignable to type '(req: Request<ParamsDictionary, any, any, ParsedQs, Record<string, any>>, file: File, callback: FileFilterCallback) => void'.
src/config/multer.config.ts(157,43): error TS2379: Argument of type '{ storage: multer.StorageEngine; limits: { fileSize: number | undefined; }; fileFilter: ((req: e.Request, file: Express.Multer.File, callback: multer.FileFilterCallback) => void) | undefined; }' is not assignable to parameter of type 'Options' with 'exactOptionalPropertyTypes: true'. Consider adding 'undefined' to the types of the target's properties.
  Types of property 'fileFilter' are incompatible.
    Type '((req: Request<ParamsDictionary, any, any, ParsedQs, Record<string, any>>, file: File, callback: FileFilterCallback) => void) | undefined' is not assignable to type '(req: Request<ParamsDictionary, any, any, ParsedQs, Record<string, any>>, file: File, callback: FileFilterCallback) => void'.
      Type 'undefined' is not assignable to type '(req: Request<ParamsDictionary, any, any, ParsedQs, Record<string, any>>, file: File, callback: FileFilterCallback) => void'.
