src/modules/bookings/booking.controller.ts(37,63): error TS2339: Property 'id' does not exist on type 'IRequestUser'.
src/modules/bookings/booking.controller.ts(55,64): error TS2339: Property 'id' does not exist on type 'IRequestUser'.
src/modules/bookings/booking.controller.ts(66,74): error TS2339: Property 'id' does not exist on type 'IRequestUser'.
src/modules/bookings/booking.controller.ts(85,17): error TS2339: Property 'id' does not exist on type 'IRequestUser'.
src/modules/bookings/booking.controller.ts(98,90): error TS2339: Property 'id' does not exist on type 'IRequestUser'.
src/modules/reviews/review.controller.ts(30,61): error TS2339: Property 'id' does not exist on type 'IRequestUser'.
src/modules/reviews/review.controller.ts(56,61): error TS2339: Property 'id' does not exist on type 'IRequestUser'.
src/modules/stats/stats.service.ts(602,7): error TS2532: Object is possibly 'undefined'.
src/modules/stats/stats.service.ts(633,7): error TS2532: Object is possibly 'undefined'.
src/modules/stats/stats.service.ts(670,12): error TS2532: Object is possibly 'undefined'.
src/modules/stats/stats.service.ts(671,9): error TS2532: Object is possibly 'undefined'.
src/modules/stats/stats.service.ts(672,9): error TS2532: Object is possibly 'undefined'.
