src/config/multer.config.ts(3,49): error TS2307: Cannot find module './cloudinaryUpload' or its corresponding type declarations.
src/config/multer.config.ts(4,10): error TS2614: Module '"../errorHelpers/AppError"' has no exported member 'BadRequestException'. Did you mean to use 'import BadRequestException from "../errorHelpers/AppError"' instead?
src/config/multer.config.ts(116,36): error TS2379: Argument of type '{ storage: CloudinaryStorage; limits: { fileSize: number | undefined; }; fileFilter: ((req: e.Request, file: Express.Multer.File, callback: multer.FileFilterCallback) => void) | undefined; }' is not assignable to parameter of type 'Options' with 'exactOptionalPropertyTypes: true'. Consider adding 'undefined' to the types of the target's properties.
  Types of property 'fileFilter' are incompatible.
    Type '((req: Request<ParamsDictionary, any, any, ParsedQs, Record<string, any>>, file: File, callback: FileFilterCallback) => void) | undefined' is not assignable to type '(req: Request<ParamsDictionary, any, any, ParsedQs, Record<string, any>>, file: File, callback: FileFilterCallback) => void'.
      Type 'undefined' is not assignable to type '(req: Request<ParamsDictionary, any, any, ParsedQs, Record<string, any>>, file: File, callback: FileFilterCallback) => void'.
src/config/multer.config.ts(123,42): error TS2379: Argument of type '{ storage: multer.StorageEngine; limits: { fileSize: number | undefined; }; fileFilter: ((req: e.Request, file: Express.Multer.File, callback: multer.FileFilterCallback) => void) | undefined; }' is not assignable to parameter of type 'Options' with 'exactOptionalPropertyTypes: true'. Consider adding 'undefined' to the types of the target's properties.
  Types of property 'fileFilter' are incompatible.
    Type '((req: Request<ParamsDictionary, any, any, ParsedQs, Record<string, any>>, file: File, callback: FileFilterCallback) => void) | undefined' is not assignable to type '(req: Request<ParamsDictionary, any, any, ParsedQs, Record<string, any>>, file: File, callback: FileFilterCallback) => void'.
      Type 'undefined' is not assignable to type '(req: Request<ParamsDictionary, any, any, ParsedQs, Record<string, any>>, file: File, callback: FileFilterCallback) => void'.
src/config/multer.config.ts(131,41): error TS2379: Argument of type '{ storage: multer.StorageEngine; limits: { fileSize: number | undefined; }; fileFilter: ((req: e.Request, file: Express.Multer.File, callback: multer.FileFilterCallback) => void) | undefined; }' is not assignable to parameter of type 'Options' with 'exactOptionalPropertyTypes: true'. Consider adding 'undefined' to the types of the target's properties.
  Types of property 'fileFilter' are incompatible.
    Type '((req: Request<ParamsDictionary, any, any, ParsedQs, Record<string, any>>, file: File, callback: FileFilterCallback) => void) | undefined' is not assignable to type '(req: Request<ParamsDictionary, any, any, ParsedQs, Record<string, any>>, file: File, callback: FileFilterCallback) => void'.
      Type 'undefined' is not assignable to type '(req: Request<ParamsDictionary, any, any, ParsedQs, Record<string, any>>, file: File, callback: FileFilterCallback) => void'.
src/config/multer.config.ts(137,41): error TS2379: Argument of type '{ storage: multer.StorageEngine; limits: { fileSize: number | undefined; }; fileFilter: ((req: e.Request, file: Express.Multer.File, callback: multer.FileFilterCallback) => void) | undefined; }' is not assignable to parameter of type 'Options' with 'exactOptionalPropertyTypes: true'. Consider adding 'undefined' to the types of the target's properties.
  Types of property 'fileFilter' are incompatible.
    Type '((req: Request<ParamsDictionary, any, any, ParsedQs, Record<string, any>>, file: File, callback: FileFilterCallback) => void) | undefined' is not assignable to type '(req: Request<ParamsDictionary, any, any, ParsedQs, Record<string, any>>, file: File, callback: FileFilterCallback) => void'.
      Type 'undefined' is not assignable to type '(req: Request<ParamsDictionary, any, any, ParsedQs, Record<string, any>>, file: File, callback: FileFilterCallback) => void'.
src/config/multer.config.ts(143,41): error TS2379: Argument of type '{ storage: multer.StorageEngine; limits: { fileSize: number | undefined; }; fileFilter: ((req: e.Request, file: Express.Multer.File, callback: multer.FileFilterCallback) => void) | undefined; }' is not assignable to parameter of type 'Options' with 'exactOptionalPropertyTypes: true'. Consider adding 'undefined' to the types of the target's properties.
  Types of property 'fileFilter' are incompatible.
    Type '((req: Request<ParamsDictionary, any, any, ParsedQs, Record<string, any>>, file: File, callback: FileFilterCallback) => void) | undefined' is not assignable to type '(req: Request<ParamsDictionary, any, any, ParsedQs, Record<string, any>>, file: File, callback: FileFilterCallback) => void'.
      Type 'undefined' is not assignable to type '(req: Request<ParamsDictionary, any, any, ParsedQs, Record<string, any>>, file: File, callback: FileFilterCallback) => void'.
src/config/multer.config.ts(149,44): error TS2379: Argument of type '{ storage: multer.StorageEngine; limits: { fileSize: number | undefined; }; fileFilter: ((req: e.Request, file: Express.Multer.File, callback: multer.FileFilterCallback) => void) | undefined; }' is not assignable to parameter of type 'Options' with 'exactOptionalPropertyTypes: true'. Consider adding 'undefined' to the types of the target's properties.
  Types of property 'fileFilter' are incompatible.
    Type '((req: Request<ParamsDictionary, any, any, ParsedQs, Record<string, any>>, file: File, callback: FileFilterCallback) => void) | undefined' is not assignable to type '(req: Request<ParamsDictionary, any, any, ParsedQs, Record<string, any>>, file: File, callback: FileFilterCallback) => void'.
      Type 'undefined' is not assignable to type '(req: Request<ParamsDictionary, any, any, ParsedQs, Record<string, any>>, file: File, callback: FileFilterCallback) => void'.
src/config/multer.config.ts(155,43): error TS2379: Argument of type '{ storage: multer.StorageEngine; limits: { fileSize: number | undefined; }; fileFilter: ((req: e.Request, file: Express.Multer.File, callback: multer.FileFilterCallback) => void) | undefined; }' is not assignable to parameter of type 'Options' with 'exactOptionalPropertyTypes: true'. Consider adding 'undefined' to the types of the target's properties.
  Types of property 'fileFilter' are incompatible.
    Type '((req: Request<ParamsDictionary, any, any, ParsedQs, Record<string, any>>, file: File, callback: FileFilterCallback) => void) | undefined' is not assignable to type '(req: Request<ParamsDictionary, any, any, ParsedQs, Record<string, any>>, file: File, callback: FileFilterCallback) => void'.
      Type 'undefined' is not assignable to type '(req: Request<ParamsDictionary, any, any, ParsedQs, Record<string, any>>, file: File, callback: FileFilterCallback) => void'.
src/utils/deleteUploadedFilesFromGlobalErrorHandler.ts(67,46): error TS2345: Argument of type 'string' is not assignable to parameter of type 'CloudinaryResourceType'.
